// Jest Snapshot v1, https://goo.gl/fbAQLP

exports[`<ImageSlider /> Render must match regular() 1`] = `
<div>
  <div
    class="slider"
  >
    <canvas
      class="canvas"
      height="400"
      width="3050"
    />
  </div>
</div>
`;
