// Jest Snapshot v1, https://goo.gl/fbAQLP

exports[`<ErrorBoundary /> Render must match regular() 1`] = `<div />`;
