// Jest Snapshot v1, https://goo.gl/fbAQLP

exports[`<Label /> Render must match regular() 1`] = `
<div>
  <span
    class="IssueLabel bg-blue text-white"
    title="Label: default label"
  >
    default label
  </span>
</div>
`;
